# Nmap 7.91 scan initiated Mon Nov 13 12:06:00 2023 as: nmap -Pn -p443 --script untrustedX509certs.nse --script-args list=blacklist.csv -v -oN test08.out 10.0.3.149 dns-file=dns.csv
Failed to resolve "dns-file=dns.csv".
Failed to resolve "dns-file=dns.csv".
Nmap scan report for 10.0.3.149
Host is up (0.00056s latency).

PORT    STATE SERVICE
443/tcp open  https
| untrustedX509certs: Subject: commonName=10.0.3.149/organizationName=Internet Widgits Pty Ltd/stateOrProvinceName=MADRID/countryName=ES/organizationalUnitName=UC3M Cyber/localityName=GETAFE
| Subject Alternative Name: DNS:10.0.3.149
| Issuer: commonName=10.0.3.149/organizationName=Internet Widgits Pty Ltd/stateOrProvinceName=MADRID/countryName=ES/organizationalUnitName=UC3M Cyber/localityName=GETAFE
| Public Key type: rsa
| Public Key bits: 2048
| Signature Algorithm: sha256WithRSAEncryption
| Not valid before: 2023-11-13T16:41:17
| Not valid after:  2024-11-12T16:41:17
| MD5:   7c99 be8f acac a169 030a 6fe8 ff28 b93f
| SHA-1: 6c6f cc06 1d8c bdd4 8ced de8c 96e3 2f2d bb45 6fe1
| -----BEGIN CERTIFICATE-----
| MIID8DCCAtigAwIBAgIUSDfIFlGbGlBupvIIEx+RltSq4MswDQYJKoZIhvcNAQEL
| BQAwfDELMAkGA1UEBhMCRVMxDzANBgNVBAgMBk1BRFJJRDEPMA0GA1UEBwwGR0VU
| QUZFMSEwHwYDVQQKDBhJbnRlcm5ldCBXaWRnaXRzIFB0eSBMdGQxEzARBgNVBAsM
| ClVDM00gQ3liZXIxEzARBgNVBAMMCjEwLjAuMy4xNDkwHhcNMjMxMTEzMTY0MTE3
| WhcNMjQxMTEyMTY0MTE3WjB8MQswCQYDVQQGEwJFUzEPMA0GA1UECAwGTUFEUklE
| MQ8wDQYDVQQHDAZHRVRBRkUxITAfBgNVBAoMGEludGVybmV0IFdpZGdpdHMgUHR5
| IEx0ZDETMBEGA1UECwwKVUMzTSBDeWJlcjETMBEGA1UEAwwKMTAuMC4zLjE0OTCC
| ASIwDQYJKoZIhvcNAQEBBQADggEPADCCAQoCggEBALb2mVQI1XKA+f0M5TJgfIjA
| 96qzu0fOnnuhf9G33OWhn/vFA+6J3o1lKhk4mSrQss7IcJ8rUozBiqtxF/BdhhF+
| 39NJcEWHIZs9+/RJaX+DY3LpLbxLKDtiWNdD3aXsM2/KmgQ3+uAyRzfrfI8jKbzl
| uOUL6w4MoSvPvlZcv/TJkPGPO4eiJUyHBU2tjB17KkC+vMuPFG8MSor+XPTGfPb5
| Zj583c11Sd2r1AiRCvtsgBRPX3kyHd0pvFDR2GK9L3XGEylQJsKOAiW5WHTCF0xo
| xCiYOY5Ur2zTnivY9xMGjc10CIEbRlJNc93hzSUg+bWluhDbvfIm+huMNLJXkNcC
| AwEAAaNqMGgwFQYDVR0RBA4wDIIKMTAuMC4zLjE0OTAdBgNVHQ4EFgQUmwuJ3jcV
| 3O7tzaDvItBcA5VkKT4wHwYDVR0jBBgwFoAUmwuJ3jcV3O7tzaDvItBcA5VkKT4w
| DwYDVR0TAQH/BAUwAwEB/zANBgkqhkiG9w0BAQsFAAOCAQEAKY1WuM6DNOkkduW7
| Mquv6Exjo8TPqObc3RR3ZQYIMQ6VhWnNouIACT6mE/BXKAFmbhr4mYulSoIDUiM5
| fAcklhrKsGe30VkJz2CWW1sDBkSKja3xoVjk6CVHtBkO01pJAUgNjF5PhSZR834Z
| ckjzRtYAahOey4a3IV8yMAiHU44Lsh6E9cery3wXMNHlV6N2E0cO21wCSr/WU7dU
| p9kYRE5PhBLsmG2fFhvnID5G+tjLWnJbzJwmCvj5KfSjQ4uejtoCJMzXazAaCjUE
| oKu/Dd8wtHdxvzOkHt64QC5SUSWm6uH6AOfuDRNuVnxZLxJ7SeBqs7v4m1kFOur8
| R10UhQ==
| -----END CERTIFICATE-----
| 
| --------------------------------
| CERTIFICATE SECURITY REPORT
| --------------------------------
| Self-signed: True
| Certificate verified
| Validity: Certificate is VALID
| Certificate Subject Alternative Names contains hostname
| Blacklisted: Certificate Subject is blacklisted: on 12/02/2020 with severity critical
| Blacklisted: Certificate CA is blacklisted: on 12/02/2020 with severity critical
|_DNS resolved: False

Failed to resolve "dns-file=dns.csv".
Read data files from: /usr/bin/../share/nmap
# Nmap done at Mon Nov 13 12:06:13 2023 -- 1 IP address (1 host up) scanned in 13.26 seconds
